// Jest Snapshot v1, https://goo.gl/fbAQLP

exports[`<Main /> should render the h1 element 1`] = `
<main
  class="styles__Wrapper-sc-dzx1ao-0 jOBvCg"
>
  <img
    alt="Imagem de um atomo e react avancado escrito ao lado."
    class="styles__Logo-sc-dzx1ao-1 epziVg"
    src="/img/logo.svg"
  />
  <h1
    class="styles__Title-sc-dzx1ao-2 cIwDMv"
  >
    React Avancado
  </h1>
  <h2
    class="styles__Description-sc-dzx1ao-3 emthCT"
  >
    TypeScript, ReactJS, NextJS, Styled Components
  </h2>
  <img
    alt="Um desenvolvedor de frente pra uma tela com codigos"
    class="styles__Illustration-sc-dzx1ao-4 hgYHjx"
    src="/img/hero-illustration.svg"
  />
</main>
`;
